
> hrmanagement@0.0.0 build
> vite build

vite v8.0.13 building client environment for production...
[2Ktransforming...✓ 134 modules transformed.
✗ Build failed in 244ms
error during build:
Build failed with 1 error:

[31m[UNRESOLVED_IMPORT] [0mCould not resolve '../../../config/supabaseClient' in src/Employee layout/Employeemodule/EmployeeProfile.jsx
    [38;5;246m╭[0m[38;5;246m─[0m[38;5;246m[[0m src/Employee layout/Employeemodule/EmployeeProfile.jsx:31:26 [38;5;246m][0m
    [38;5;246m│[0m
 [38;5;246m31 │[0m [38;5;249mi[0m[38;5;249mm[0m[38;5;249mp[0m[38;5;249mo[0m[38;5;249mr[0m[38;5;249mt[0m[38;5;249m [0m[38;5;249m{[0m[38;5;249m [0m[38;5;249ms[0m[38;5;249mu[0m[38;5;249mp[0m[38;5;249ma[0m[38;5;249mb[0m[38;5;249ma[0m[38;5;249ms[0m[38;5;249me[0m[38;5;249m [0m[38;5;249m}[0m[38;5;249m [0m[38;5;249mf[0m[38;5;249mr[0m[38;5;249mo[0m[38;5;249mm[0m[38;5;249m [0m"../../../config/supabaseClient"[38;5;249m;[0m
 [38;5;240m   │[0m                          ────────────────┬───────────────  
 [38;5;240m   │[0m                                          ╰───────────────── Module not found.
 [38;5;240m   │[0m 
 [38;5;240m   │[0m [38;5;115mHelp[0m: 'src/Employee layout/Employeemodule/EmployeeProfile.jsx' is imported by the following path:
 [38;5;240m   │[0m         - src/Employee layout/Employeemodule/EmployeeProfile.jsx
 [38;5;240m   │[0m         - src/App.jsx
 [38;5;240m   │[0m         - src/main.jsx
 [38;5;240m   │[0m         - index.html
[38;5;246m────╯[0m

    at aggregateBindingErrorsIntoJsError (file:///home/FARHAN/hr/HR-Management-System/Hrmanagement/node_modules/rolldown/dist/shared/error-CkdMJ9ps.mjs:48:18)
    at unwrapBindingResult (file:///home/FARHAN/hr/HR-Management-System/Hrmanagement/node_modules/rolldown/dist/shared/error-CkdMJ9ps.mjs:18:128)
    at #build (file:///home/FARHAN/hr/HR-Management-System/Hrmanagement/node_modules/rolldown/dist/shared/rolldown-build-BVD3dIdE.mjs:3275:34)
    at async buildEnvironment (file:///home/FARHAN/hr/HR-Management-System/Hrmanagement/node_modules/vite/dist/node/chunks/node.js:33133:64)
    at async Object.build (file:///home/FARHAN/hr/HR-Management-System/Hrmanagement/node_modules/vite/dist/node/chunks/node.js:33555:19)
    at async Object.buildApp (file:///home/FARHAN/hr/HR-Management-System/Hrmanagement/node_modules/vite/dist/node/chunks/node.js:33552:153)
    at async CAC.<anonymous> (file:///home/FARHAN/hr/HR-Management-System/Hrmanagement/node_modules/vite/dist/node/cli.js:777:3) {
  errors: [Getter/Setter]
}
